logic__434: 
axi_dma_mm2s_sts_mngr: 
keep__7: 
muxpart__10: 
addsub__1: 
reg__172: 
reg__258: 
xpm_fifo_sync: 
reg__173: 
case__12: 
srl_fifo_rbu_f: 
logic__537: 
xpm_counter_updn__parameterized1: 
logic__572: 
logic__234: 
reg__137: 
reg__257: 
logic__445: 
reg__176: 
datapath__22: 
reg__38: 
logic__553: 
axi_dma_lite_if: 
logic__224: 
logic__844: 
case: 
signinv__7: 
case__146: 
logic__173: 
logic__440: 
case__9: 
case__46: 
case__68: 
reg__56: 
reg__150: 
srl_fifo_f__parameterized0: 
reg__50: 
logic__346: 
logic__802: 
dynshreg_f__parameterized1: 
case__84: 
case__148: 
logic__606: 
case__77: 
case__147: 
case__7: 
logic__312: 
logic__446: 
case__8: 
case__115: 
case__70: 
reg__65: 
reg__157: 
reg__77: 
reg__94: 
logic__466: 
logic__251: 
reg__211: 
reg__193: 
logic__103: 
reg__248: 
reg__74: 
reg__144: 
xpm_counter_updn__parameterized0: 
reg__7: 
case__37: 
case__74: 
reg__72: 
logic__777: 
reg__41: 
case__163: 
reg__145: 
case__90: 
logic__845: 
logic__265: 
logic__716: 
logic__25: 
logic__386: 
signinv__16: 
keep__23: 
logic__104: 
logic__211: 
logic__333: 
logic__781: 
reg__189: 
dynshreg_f__parameterized0: 
logic__326: 
case__45: 
reg__182: 
axi_dma_mm2s_mngr: 
reg__90: 
case__165: 
reg__54: 
logic__703: 
signinv__12: 
reg__98: 
case__81: 
keep__32: 
logic__32: 
logic__595: 
axi_dma: 
reg__249: 
logic__384: 
muxpart__36: 
keep__13: 
reg__108: 
reg__110: 
reg__75: 
case__94: 
case__97: 
reg__58: 
reg__260: 
logic__409: 
logic__487: 
reg__204: 
logic__186: 
case__174: 
logic__441: 
reg__33: 
srl_fifo_rbu_f__parameterized0: 
logic__24: 
reg__171: 
logic__458: 
reg__29: 
logic__18: 
logic__300: 
reg__203: 
reg__166: 
logic__815: 
logic__611: 
reg__117: 
reg__195: 
case__41: 
case__17: 
case__162: 
logic__519: 
logic__599: 
logic__615: 
case__168: 
reg__210: 
reg__221: 
reg__85: 
logic__530: 
logic__279: 
logic__108: 
logic__690: 
logic__840: 
logic__573: 
logic__719: 
signinv__2: 
logic__502: 
reg__120: 
case__155: 
reg__143: 
reg__129: 
case__66: 
reg__61: 
reg__34: 
reg__250: 
logic__737: 
logic__729: 
logic__339: 
logic__602: 
reg__165: 
axi_datamover_strb_gen2: 
reg__88: 
logic__584: 
case__18: 
reg__19: 
keep__1: 
reg__73: 
reg__148: 
logic__285: 
case__113: 
keep__27: 
logic__834: 
reg__225: 
keep__9: 
logic__448: 
logic__254: 
reg__164: 
logic__178: 
logic__383: 
logic__93: 
case__119: 
reg__107: 
logic__216: 
logic__473: 
logic__296: 
reg__118: 
logic__308: 
case__161: 
logic__227: 
logic__628: 
reg__256: 
logic__293: 
logic__380: 
case__39: 
case__28: 
reg__132: 
logic__282: 
reg__52: 
reg__135: 
reg__251: 
logic__424: 
case__117: 
signinv__11: 
case__82: 
muxpart__1: 
reg__17: 
reg__40: 
case__154: 
case__118: 
case__89: 
logic__125: 
signinv: 
logic__99: 
reg__80: 
case__156: 
reg__36: 
logic__583: 
logic__212: 
reg__57: 
logic__35: 
reg__121: 
dsrl: 
case__87: 
logic__132: 
reg__177: 
axi_datamover_mm2s_full_wrap: 
logic__698: 
reg__226: 
case__40: 
logic__412: 
reg__230: 
logic__97: 
reg__42: 
reg__159: 
logic__787: 
case__30: 
reg__48: 
reg__158: 
logic__715: 
logic__733: 
reg__213: 
logic__145: 
case__108: 
datapath__28: 
case__92: 
logic__100: 
case__157: 
logic__601: 
reg__8: 
reg__252: 
reg__229: 
xpm_fifo_rst: 
reg__4: 
logic__118: 
logic__627: 
logic__13: 
keep__22: 
xpm_fifo_base: 
reg__47: 
logic__776: 
axi_dma_reset: 
case__36: 
reg__71: 
logic__560: 
logic__629: 
keep__21: 
case__2: 
reg__69: 
logic__280: 
logic__291: 
axi_datamover_rdmux: 
reg__202: 
reg__26: 
logic__289: 
reg__236: 
case__102: 
logic__482: 
keep__18: 
case__42: 
case__114: 
logic__102: 
logic__182: 
case__73: 
case__158: 
keep: 
logic__413: 
reg__130: 
datapath__25: 
logic__515: 
case__48: 
reg__215: 
srl_fifo_f: 
logic__616: 
reg__9: 
keep__34: 
datapath__32: 
logic__520: 
reg__106: 
keep__19: 
reg__191: 
logic__207: 
logic__137: 
logic__825: 
case__99: 
reg__10: 
reg__207: 
case__100: 
reg__183: 
signinv__9: 
reg__111: 
logic__183: 
reg__67: 
axi_dma_register: 
axi_datamover_rd_sf: 
keep__6: 
logic__750: 
case__164: 
keep__15: 
case__26: 
case__11: 
logic__418: 
reg__178: 
axi_dma_sofeof_gen: 
logic__608: 
logic__213: 
logic__762: 
reg__228: 
reg__219: 
reg__21: 
datapath__16: 
reg__104: 
reg__244: 
axi_datamover_pcc: 
logic__594: 
dsrl__1: 
logic__569: 
logic__495: 
datapath__13: 
logic__240: 
keep__2: 
case__15: 
logic__498: 
reg__11: 
logic__302: 
reg__39: 
logic__758: 
reg__27: 
reg__133: 
reg__200: 
reg__114: 
logic__4: 
logic__542: 
reg__212: 
logic__813: 
datapath__30: 
reg__51: 
signinv__15: 
reg__103: 
xpm_memory_base: 
logic__222: 
case__78: 
muxpart__20: 
logic__769: 
case__29: 
case__27: 
datapath__29: 
signinv__4: 
reg__93: 
keep__14: 
datapath__24: 
dsrl__2: 
axi_dma_reg_module: 
reg__31: 
logic__720: 
logic__463: 
reg__25: 
logic__816: 
datapath__21: 
reg__174: 
axi_datamover_sfifo_autord: 
reg__99: 
logic__288: 
logic__794: 
logic__582: 
reg__217: 
reg__66: 
logic__96: 
case__96: 
reg__76: 
logic__264: 
axi_datamover_reset: 
keep__28: 
logic__759: 
keep__11: 
reg__233: 
logic__814: 
logic__101: 
keep__26: 
reg__162: 
logic__208: 
reg__175: 
logic__414: 
logic__610: 
logic__408: 
reg__196: 
logic__9: 
logic__122: 
logic__447: 
logic__140: 
logic__740: 
logic__389: 
keep__10: 
logic__746: 
logic__600: 
case__153: 
case__171: 
case__10: 
logic__373: 
reg__208: 
case__103: 
reg__68: 
logic__283: 
axi_datamover_rd_status_cntl: 
reg__155: 
logic__37: 
reg__180: 
reg__179: 
reg__115: 
reg__28: 
dynshreg_f: 
datapath__31: 
axi_dma_mm2s_cmdsts_if: 
reg__89: 
reg__82: 
case__16: 
reg__185: 
logic__459: 
reg__63: 
case__91: 
logic__780: 
logic__334: 
datapath__11: 
logic__753: 
logic__98: 
case__13: 
case__93: 
logic__518: 
logic__255: 
logic__576: 
logic__377: 
datapath__2: 
logic__248: 
reg__243: 
reg__190: 
reg__125: 
logic__847: 
logic__803: 
reg__95: 
reg__214: 
reg__2: 
logic__226: 
reg__91: 
reg__43: 
logic__478: 
logic__435: 
reg__64: 
logic__332: 
logic__497: 
logic__295: 
logic__643: 
signinv__8: 
keep__5: 
case__86: 
signinv__14: 
logic__17: 
signinv__13: 
keep__17: 
reg__128: 
case__35: 
reg__105: 
cdc_sync: 
logic__261: 
keep__25: 
reg__70: 
logic__483: 
logic__603: 
logic__338: 
logic__390: 
datapath__9: 
logic__290: 
reg__194: 
reg__102: 
reg__96: 
keep__8: 
signinv__5: 
reg__259: 
logic__250: 
logic__21: 
case__75: 
case__123: 
axi_datamover_skid_buf: 
datapath__4: 
case__47: 
case__85: 
case__83: 
keep__16: 
logic__763: 
reg__136: 
logic__846: 
case__33: 
logic__95: 
logic__94: 
datapath__14: 
logic__442: 
axi_dma_rst_module: 
muxpart__3: 
reg__255: 
reg__184: 
reg: 
logic: 
case__43: 
reg__44: 
keep__3: 
reg__163: 
reg__16: 
reg__101: 
reg__242: 
case__72: 
logic__319: 
logic__327: 
reg__238: 
logic__12: 
logic__588: 
reg__154: 
reg__240: 
reg__187: 
reg__3: 
case__122: 
reg__119: 
logic__126: 
reg__6: 
logic__281: 
datapath__8: 
srl_fifo_rbu_f__parameterized1: 
muxpart: 
logic__38: 
logic__228: 
reg__205: 
reg__241: 
logic__266: 
reg__97: 
reg__78: 
datapath__6: 
logic__835: 
keep__33: 
logic__225: 
reg__198: 
reg__216: 
logic__403: 
logic__256: 
logic__850: 
keep__24: 
logic__809: 
logic__425: 
datapath__17: 
reg__139: 
case__14: 
axi_datamover_fifo: 
logic__492: 
logic__747: 
logic__114: 
case__151: 
logic__31: 
reg__15: 
reg__147: 
logic__245: 
reg__152: 
case__160: 
reg__201: 
logic__479: 
logic__506: 
logic__349: 
logic__579: 
case__79: 
reg__151: 
logic__514: 
logic__793: 
reg__237: 
case__170: 
logic__1: 
logic__768: 
reg__18: 
axi_datamover_fifo__parameterized3: 
keep__30: 
reg__49: 
reg__253: 
keep__29: 
addsub: 
muxpart__9: 
logic__467: 
logic__249: 
logic__812: 
reg__30: 
datapath__20: 
reg__83: 
logic__748: 
logic__275: 
datapath__26: 
datapath__7: 
logic__449: 
reg__100: 
logic__331: 
logic__475: 
logic__728: 
logic__407: 
keep__35: 
logic__422: 
datapath__27: 
reg__146: 
logic__294: 
reg__79: 
datapath__12: 
reg__168: 
case__44: 
logic__704: 
case__149: 
case__98: 
axi_datamover_rddata_cntl: 
muxpart__11: 
extladd: 
logic__36: 
reg__209: 
logic__596: 
logic__286: 
signinv__1: 
reg__138: 
logic__804: 
srl_fifo_f__parameterized1: 
axi_datamover_fifo__parameterized2: 
reg__192: 
case__159: 
case__1: 
case__88: 
datapath: 
reg__112: 
logic__453: 
reg__22: 
logic__496: 
reg__12: 
datapath__3: 
logic__550: 
logic__174: 
reg__169: 
reg__140: 
logic__527: 
case__109: 
datapath__19: 
logic__691: 
reg__197: 
reg__247: 
case__169: 
logic__170: 
xpm_fifo_reg_bit: 
reg__35: 
reg__53: 
sync_fifo_fg: 
reg__224: 
reg__24: 
reg__46: 
case__112: 
reg__149: 
reg__153: 
reg__218: 
logic__775: 
reg__206: 
case__172: 
case__150: 
reg__1: 
cntr_incr_decr_addn_f: 
reg__254: 
reg__227: 
logic__632: 
logic__620: 
case__95: 
logic__607: 
reg__142: 
reg__141: 
logic__526: 
case__34: 
logic__505: 
axi_datamover_fifo__parameterized1: 
logic__381: 
logic__169: 
logic__26: 
reg__239: 
logic__113: 
logic__27: 
reg__220: 
reg__87: 
reg__23: 
logic__452: 
case__167: 
keep__31: 
reg__232: 
logic__284: 
reg__160: 
logic__292: 
signinv__6: 
logic__387: 
reg__32: 
reg__20: 
reg__62: 
reg__134: 
axi_dma_smple_sm: 
extram: 
case__120: 
logic__161: 
reg__86: 
case__80: 
logic__340: 
case__173: 
signinv__10: 
case__4: 
signinv__3: 
reg__109: 
reg__188: 
reg__181: 
datapath__10: 
logic__474: 
reg__116: 
logic__374: 
keep__4: 
reg__186: 
logic__382: 
logic__219: 
case__3: 
case__104: 
reg__122: 
logic__235: 
axi_datamover_fifo__parameterized0: 
logic__538: 
logic__563: 
logic__757: 
xpm_counter_updn__parameterized3: 
logic__605: 
logic__429: 
logic__743: 
logic__419: 
reg__170: 
case__152: 
counter: 
logic__117: 
logic__604: 
logic__790: 
case__5: 
design_1_axi_dma_0_1: 
logic__784: 
reg__234: 
reg__55: 
reg__235: 
reg__161: 
reg__245: 
datapath__15: 
case__110: 
logic__702: 
logic__287: 
muxpart__19: 
axi_datamover_addr_cntl: 
logic__617: 
logic__233: 
reg__127: 
reg__13: 
case__107: 
reg__113: 
logic__744: 
logic__311: 
case__31: 
reg__84: 
reg__131: 
logic__272: 
reg__81: 
reg__167: 
logic__556: 
reg__126: 
logic__388: 
logic__736: 
case__67: 
logic__423: 
counter__1: 
logic__712: 
reg__92: 
axi_datamover: 
reg__246: 
xpm_counter_updn__parameterized2: 
logic__566: 
case__76: 
logic__480: 
datapath__18: 
logic__109: 
case__49: 
muxpart__21: 
reg__5: 
case__32: 
logic__385: 
reg__156: 
reg__199: 
axi_datamover_s2mm_omit_wrap: 
datapath__1: 
case__38: 
logic__223: 
logic__699: 
logic__468: 
datapath__5: 
datapath__23: 
keep__20: 
case__166: 
logic__745: 
logic__179: 
logic__481: 
logic__507: 
xpm_counter_updn: 
logic__391: 
case__50: 
logic__303: 
keep__12: 
logic__817: 
logic__612: 
logic__749: 
logic__304: 
logic__707: 
axi_datamover_cmd_status: 
case__105: 
logic__301: 
logic__589: 
axi_datamover_strb_gen2__parameterized0: 
case__71: 
reg__45: 
logic__609: 
reg__14: 
logic__510: 
reg__231: 
logic__547: 
reg__37: 
