logic__62: 
logic__61: 
logic__274: 
logic__66: 
logic__25: 
reg__64: 
case__57: 
logic__112: 
logic__6: 
reg__7: 
datapath__22: 
fifo_generator_v13_2_7_synth__parameterized0: 
reg__46: 
case__33: 
keep__142: 
reg__96: 
case__31: 
addsub: 
reg__103: 
case__6: 
keep__128: 
reg__75: 
reg__113: 
fifo_generator_v13_2_7__parameterized0: 
case__49: 
logic__262: 
case__61: 
axi_data_fifo_v2_1_25_fifo_gen__parameterized0__xdcDup__1: 
reg__57: 
case__7: 
case__19: 
case__69: 
reg__72: 
counter__4: 
case__10: 
keep__157: 
axi_data_fifo_v2_1_25_fifo_gen__parameterized0: 
logic__10: 
logic__397: 
logic__143: 
keep__144: 
keep__136: 
logic__173: 
logic__331: 
logic__272: 
logic__176: 
logic__84: 
reg__65: 
case__68: 
datapath__14: 
keep__115: 
datapath__2: 
logic__273: 
logic__15: 
case__17: 
logic__149: 
reg__112: 
reg__16: 
datapath__3: 
axi_dwidth_converter_v2_1_26_w_downsizer: 
keep__137: 
case__54: 
datapath__19: 
logic__268: 
fifo_generator_v13_2_7_synth__parameterized0__xdcDup__1: 
reg__99: 
case__56: 
case__13: 
logic__91: 
keep__109: 
reg__38: 
wr_logic: 
case__21: 
case__72: 
logic__383: 
logic__116: 
axi_data_fifo_v2_1_25_axic_fifo__parameterized0: 
rd_status_flags_ss: 
logic__411: 
logic__295: 
axi_dwidth_converter_v2_1_26_axi_downsizer: 
logic__319: 
reg__107: 
logic__401: 
logic__386: 
reg__28: 
logic__89: 
reg__15: 
logic__254: 
reg__106: 
memory__parameterized0: 
case__4: 
muxpart__1: 
case__36: 
case__73: 
logic__256: 
case__29: 
case__63: 
fifo_generator_ramfifo__parameterized0__xdcDup__1: 
logic__251: 
logic__90: 
keep__147: 
reg__4: 
case__37: 
keep__108: 
muxpart__2: 
datapath__9: 
logic__50: 
axi_data_fifo_v2_1_25_axic_fifo__parameterized0__xdcDup__1: 
logic__221: 
logic__387: 
logic__232: 
keep__143: 
case__27: 
reg__100: 
reg__114: 
datapath__7: 
reg__92: 
keep__127: 
datapath__4: 
reg__1: 
logic__385: 
reg__104: 
case__59: 
reg__85: 
logic__257: 
reg__63: 
reg__71: 
logic__235: 
reg__14: 
keep__160: 
case__67: 
muxpart__12: 
logic__237: 
keep__150: 
reset_blk_ramfifo__xdcDup__2: 
logic__412: 
logic__330: 
reg__26: 
keep__123: 
case__62: 
keep__154: 
reg__74: 
case__42: 
case__2: 
keep__141: 
logic__420: 
keep__122: 
logic__169: 
rd_fwft: 
keep__162: 
reg__98: 
reg__32: 
logic__210: 
fifo_generator_v13_2_7_synth: 
datapath__15: 
logic__233: 
keep__116: 
reg__93: 
counter__6: 
case__39: 
logic__213: 
reg__79: 
case__26: 
reg__84: 
muxpart__3: 
logic__122: 
case__52: 
logic__252: 
compare: 
logic__399: 
reg__56: 
logic__394: 
counter__3: 
case__20: 
logic__302: 
keep__112: 
logic__410: 
reg__11: 
logic__115: 
logic__192: 
case__50: 
keep__164: 
axi_data_fifo_v2_1_25_axic_fifo: 
keep__110: 
logic__24: 
reg__49: 
logic__271: 
logic__343: 
keep__121: 
reg__24: 
keep__135: 
logic__279: 
reg__82: 
logic__128: 
reg__73: 
logic__324: 
axi_dwidth_converter_v2_1_26_b_downsizer: 
logic__367: 
axi_dwidth_converter_v2_1_26_r_downsizer: 
keep__126: 
reg__21: 
case__32: 
case__28: 
keep__140: 
design_1_auto_ds_0: 
signinv__3: 
reg__68: 
logic__378: 
logic__152: 
reg__50: 
reg__86: 
case__40: 
reg__39: 
logic__216: 
muxpart__4: 
reg__42: 
reset_blk_ramfifo__xdcDup__1: 
logic__99: 
rd_bin_cntr: 
keep__104: 
logic__87: 
case__58: 
case__51: 
reg__80: 
logic__372: 
case__44: 
reg__52: 
logic__51: 
logic__195: 
datapath__18: 
logic__11: 
case__14: 
reg__51: 
keep__169: 
keep__168: 
keep__132: 
muxpart__5: 
logic__162: 
keep__155: 
reg__22: 
logic__255: 
reg__88: 
keep__106: 
reg__34: 
reg__59: 
reg__31: 
fifo_generator_top: 
logic__382: 
logic__327: 
datapath__13: 
keep__159: 
case__18: 
reg__61: 
case__25: 
reg__12: 
fifo_generator_ramfifo: 
datapath__21: 
logic__230: 
keep__161: 
keep: 
logic__118: 
keep__151: 
logic__395: 
logic__403: 
logic__105: 
keep__171: 
reg__89: 
counter__2: 
reg__83: 
case__43: 
wr_bin_cntr: 
reg__97: 
reg__78: 
case__47: 
reg__76: 
reg__37: 
keep__120: 
fifo_generator_v13_2_7__parameterized0__xdcDup__1: 
logic__347: 
case__35: 
logic__402: 
reg__90: 
reset_blk_ramfifo: 
reg__91: 
logic__139: 
reg__17: 
datapath__10: 
keep__131: 
reg__20: 
reg__77: 
counter__1: 
case__9: 
reg__18: 
reg__40: 
muxpart__8: 
case__53: 
signinv__1: 
keep__102: 
datapath__24: 
logic__269: 
reg__101: 
counter__5: 
logic__101: 
datapath__8: 
logic__409: 
keep__119: 
keep__129: 
reg__10: 
logic__396: 
logic__146: 
logic__259: 
fifo_generator_top__parameterized0__xdcDup__1: 
logic__320: 
reg__70: 
logic__323: 
rd_logic: 
reg__27: 
logic__14: 
logic__299: 
reg__35: 
datapath__16: 
keep__113: 
reg__69: 
counter: 
keep__130: 
logic__140: 
dsp48e2: 
dmem: 
logic__100: 
axi_dwidth_converter_v2_1_26_top: 
reg__87: 
logic__67: 
keep__103: 
case__23: 
reg__41: 
case__34: 
reg__108: 
signinv__4: 
logic__70: 
reg__110: 
output_blk: 
logic__253: 
logic__231: 
logic__306: 
reg__111: 
logic__88: 
logic__296: 
fifo_generator_top__parameterized0: 
wr_status_flags_ss: 
case__30: 
case__65: 
case__16: 
logic__109: 
reg__95: 
case__55: 
logic: 
datapath__11: 
logic__165: 
reg__36: 
keep__170: 
logic__172: 
keep__118: 
logic__364: 
counter__7: 
logic__278: 
case__46: 
reg: 
keep__125: 
case__60: 
logic__353: 
signinv: 
logic__92: 
keep__111: 
counter__8: 
logic__361: 
reg__54: 
reg__3: 
logic__398: 
keep__133: 
keep__148: 
keep__149: 
reg__8: 
keep__114: 
keep__105: 
fifo_generator_ramfifo__parameterized0: 
keep__163: 
reg__19: 
xpm_cdc_async_rst: 
muxpart__10: 
logic__281: 
addsub__1: 
reg__2: 
case__11: 
logic__28: 
logic__93: 
reg__9: 
logic__75: 
keep__158: 
case__1: 
axi_data_fifo_v2_1_25_fifo_gen: 
reg__62: 
reg__43: 
reg__13: 
case__70: 
logic__313: 
reg__47: 
datapath: 
datapath__17: 
case__15: 
logic__117: 
case__5: 
logic__179: 
muxpart__7: 
datapath__1: 
case__38: 
axi_dwidth_converter_v2_1_26_a_downsizer: 
logic__106: 
logic__21: 
datapath__6: 
case__3: 
reg__94: 
fifo_generator_v13_2_7: 
logic__180: 
logic__417: 
datapath__23: 
logic__270: 
logic__168: 
reg__29: 
logic__284: 
keep__117: 
keep__153: 
logic__20: 
logic__316: 
keep__145: 
reg__102: 
muxpart__6: 
case__71: 
axi_dwidth_converter_v2_1_26_a_downsizer__parameterized0: 
logic__305: 
logic__96: 
keep__166: 
case__45: 
keep__156: 
logic__41: 
logic__346: 
logic__258: 
case__66: 
logic__280: 
logic__102: 
keep__134: 
output_blk__parameterized0: 
logic__236: 
logic__123: 
logic__31: 
case: 
input_blk: 
logic__196: 
keep__146: 
logic__234: 
logic__125: 
logic__23: 
case__24: 
keep__139: 
muxpart: 
reg__23: 
reg__53: 
reg__109: 
datapath__12: 
logic__49: 
case__22: 
case__48: 
logic__114: 
reg__105: 
datapath__20: 
logic__202: 
case__41: 
keep__138: 
case__64: 
reg__55: 
dmem__parameterized0: 
reg__6: 
reg__33: 
reg__66: 
muxpart__9: 
reg__30: 
reg__44: 
memory: 
datapath__5: 
keep__165: 
case__8: 
signinv__2: 
logic__400: 
logic__393: 
reg__48: 
keep__172: 
reg__58: 
reg__81: 
keep__152: 
logic__261: 
logic__113: 
logic__384: 
logic__124: 
reg__25: 
logic__22: 
reg__5: 
muxpart__11: 
logic__265: 
keep__107: 
reg__45: 
reg__67: 
reg__60: 
logic__153: 
input_blk__parameterized0: 
keep__167: 
logic__103: 
keep__124: 
